../Core/Src/main.c:100:5:main	64	static
../Core/Src/main.c:199:6:SystemClock_Config	72	static
../Core/Src/main.c:238:13:MX_USART1_UART_Init	8	static
../Core/Src/main.c:271:13:MX_GPIO_Init	16	static
../Core/Src/main.c:287:6:Sender1_Task	32	static
../Core/Src/main.c:314:6:Sender2_Task	32	static
../Core/Src/main.c:338:6:Receiver_Task	40	static
../Core/Src/main.c:371:6:StartDefaultTask	16	static
../Core/Src/main.c:390:6:HAL_TIM_PeriodElapsedCallback	16	static
../Core/Src/main.c:408:6:Error_Handler	4	static,ignoring_inline_asm
